// Jest Snapshot v1, https://goo.gl/fbAQLP

exports[`Controlled form testing should match the snapshot 1`] = `ShallowWrapper {}`;
